// Vitest Snapshot v1, https://vitest.dev/guide/snapshot.html

exports[`<Button /> > should render the medium size by default  1`] = `
<button
  class="sc-bgqQPU ibbghM"
>
  <span>
    Hostfully
  </span>
</button>
`;
